[     494ms] [ERROR] Failed to load resource: the server responded with a status of 405 (Method Not Allowed) @ http://localhost:3000/api/v1/dashboard/notifications/unread-count:0
[     525ms] [ERROR] Failed to load resource: the server responded with a status of 404 (Not Found) @ http://localhost:3000/api/v1/dashboard/organizations?per_page=100:0
[     526ms] [ERROR] Failed to load resource: the server responded with a status of 404 (Not Found) @ http://localhost:3000/api/v1/dashboard/analytics/overview?period=7d:0
[     545ms] [ERROR] Failed to load resource: the server responded with a status of 404 (Not Found) @ http://localhost:3000/api/v1/dashboard/analytics/charts?period=7d:0
[     578ms] [ERROR] Failed to load resource: the server responded with a status of 404 (Not Found) @ http://localhost:3000/api/v1/dashboard/analytics/funnel?period=7d:0
[     578ms] [ERROR] Failed to load resource: the server responded with a status of 404 (Not Found) @ http://localhost:3000/api/v1/dashboard/analytics/payment-methods?period=7d:0
[     588ms] [ERROR] Failed to load resource: the server responded with a status of 404 (Not Found) @ http://localhost:3000/api/v1/dashboard/analytics/failure-reasons?period=7d:0
[     892ms] [ERROR] Failed to load resource: the server responded with a status of 404 (Not Found) @ http://localhost:3000/api/v1/dashboard/analytics/overview?period=7d:0
[     893ms] [ERROR] Failed to load resource: the server responded with a status of 404 (Not Found) @ http://localhost:3000/api/v1/dashboard/organizations?per_page=100:0
[     899ms] [ERROR] Failed to load resource: the server responded with a status of 404 (Not Found) @ http://localhost:3000/api/v1/dashboard/analytics/charts?period=7d:0
[     938ms] [ERROR] Failed to load resource: the server responded with a status of 404 (Not Found) @ http://localhost:3000/api/v1/dashboard/analytics/payment-methods?period=7d:0
[     939ms] [ERROR] Failed to load resource: the server responded with a status of 404 (Not Found) @ http://localhost:3000/api/v1/dashboard/analytics/funnel?period=7d:0
[     947ms] [ERROR] Failed to load resource: the server responded with a status of 404 (Not Found) @ http://localhost:3000/api/v1/dashboard/analytics/failure-reasons?period=7d:0
[    1542ms] [ERROR] Failed to load resource: the server responded with a status of 405 (Method Not Allowed) @ http://localhost:3000/api/v1/dashboard/notifications/unread-count:0
[    1568ms] [ERROR] Failed to load resource: the server responded with a status of 404 (Not Found) @ http://localhost:3000/api/v1/dashboard/analytics/overview?period=7d:0
[    1568ms] [ERROR] Failed to load resource: the server responded with a status of 404 (Not Found) @ http://localhost:3000/api/v1/dashboard/organizations?per_page=100:0
[    1590ms] [ERROR] Failed to load resource: the server responded with a status of 404 (Not Found) @ http://localhost:3000/api/v1/dashboard/analytics/charts?period=7d:0
[    1613ms] [ERROR] Failed to load resource: the server responded with a status of 404 (Not Found) @ http://localhost:3000/api/v1/dashboard/analytics/payment-methods?period=7d:0
[    1614ms] [ERROR] Failed to load resource: the server responded with a status of 404 (Not Found) @ http://localhost:3000/api/v1/dashboard/analytics/funnel?period=7d:0
[    1634ms] [ERROR] Failed to load resource: the server responded with a status of 404 (Not Found) @ http://localhost:3000/api/v1/dashboard/analytics/failure-reasons?period=7d:0
[    2645ms] [ERROR] Failed to load resource: the server responded with a status of 404 (Not Found) @ http://localhost:3000/api/v1/dashboard/organizations?per_page=100:0
[    2645ms] [ERROR] Failed to load resource: the server responded with a status of 404 (Not Found) @ http://localhost:3000/api/v1/dashboard/analytics/overview?period=7d:0
[    2653ms] [ERROR] Failed to load resource: the server responded with a status of 404 (Not Found) @ http://localhost:3000/api/v1/dashboard/analytics/charts?period=7d:0
[    2694ms] [ERROR] Failed to load resource: the server responded with a status of 404 (Not Found) @ http://localhost:3000/api/v1/dashboard/analytics/funnel?period=7d:0
[    2695ms] [ERROR] Failed to load resource: the server responded with a status of 404 (Not Found) @ http://localhost:3000/api/v1/dashboard/analytics/payment-methods?period=7d:0
[    2700ms] [ERROR] Failed to load resource: the server responded with a status of 404 (Not Found) @ http://localhost:3000/api/v1/dashboard/analytics/failure-reasons?period=7d:0
[    3019ms] [ERROR] Failed to load resource: the server responded with a status of 404 (Not Found) @ http://localhost:3000/api/v1/dashboard/analytics/overview?period=7d:0
[    3020ms] [ERROR] Failed to load resource: the server responded with a status of 404 (Not Found) @ http://localhost:3000/api/v1/dashboard/analytics/charts?period=7d:0
[    3021ms] [ERROR] Failed to load resource: the server responded with a status of 404 (Not Found) @ http://localhost:3000/api/v1/dashboard/organizations?per_page=100:0
[    3071ms] [ERROR] Failed to load resource: the server responded with a status of 404 (Not Found) @ http://localhost:3000/api/v1/dashboard/analytics/payment-methods?period=7d:0
[    3074ms] [ERROR] Failed to load resource: the server responded with a status of 404 (Not Found) @ http://localhost:3000/api/v1/dashboard/analytics/funnel?period=7d:0
[    3074ms] [ERROR] Failed to load resource: the server responded with a status of 404 (Not Found) @ http://localhost:3000/api/v1/dashboard/analytics/failure-reasons?period=7d:0
[    3694ms] [ERROR] Failed to load resource: the server responded with a status of 404 (Not Found) @ http://localhost:3000/api/v1/dashboard/analytics/charts?period=7d:0
[    3694ms] [ERROR] Failed to load resource: the server responded with a status of 404 (Not Found) @ http://localhost:3000/api/v1/dashboard/organizations?per_page=100:0
[    3701ms] [ERROR] Failed to load resource: the server responded with a status of 404 (Not Found) @ http://localhost:3000/api/v1/dashboard/analytics/overview?period=7d:0
[    3774ms] [ERROR] Failed to load resource: the server responded with a status of 404 (Not Found) @ http://localhost:3000/api/v1/dashboard/analytics/payment-methods?period=7d:0
[    3775ms] [ERROR] Failed to load resource: the server responded with a status of 404 (Not Found) @ http://localhost:3000/api/v1/dashboard/analytics/funnel?period=7d:0
[    3780ms] [ERROR] Failed to load resource: the server responded with a status of 404 (Not Found) @ http://localhost:3000/api/v1/dashboard/analytics/failure-reasons?period=7d:0
