[     309ms] [ERROR] Failed to load resource: the server responded with a status of 405 (Method Not Allowed) @ http://localhost:3000/api/v1/dashboard/notifications/unread-count:0
[     327ms] [ERROR] Failed to load resource: the server responded with a status of 404 (Not Found) @ http://localhost:3000/api/v1/dashboard/analytics/overview?period=7d:0
[     328ms] [ERROR] Failed to load resource: the server responded with a status of 404 (Not Found) @ http://localhost:3000/api/v1/dashboard/organizations?per_page=100:0
[     358ms] [ERROR] Failed to load resource: the server responded with a status of 404 (Not Found) @ http://localhost:3000/api/v1/dashboard/analytics/charts?period=7d:0
[     377ms] [ERROR] Failed to load resource: the server responded with a status of 404 (Not Found) @ http://localhost:3000/api/v1/dashboard/analytics/payment-methods?period=7d:0
[     379ms] [ERROR] Failed to load resource: the server responded with a status of 404 (Not Found) @ http://localhost:3000/api/v1/dashboard/analytics/funnel?period=7d:0
[     408ms] [ERROR] Failed to load resource: the server responded with a status of 404 (Not Found) @ http://localhost:3000/api/v1/dashboard/analytics/failure-reasons?period=7d:0
[     698ms] [ERROR] Failed to load resource: the server responded with a status of 404 (Not Found) @ http://localhost:3000/api/v1/dashboard/organizations?per_page=100:0
[     699ms] [ERROR] Failed to load resource: the server responded with a status of 404 (Not Found) @ http://localhost:3000/api/v1/dashboard/analytics/overview?period=7d:0
[     722ms] [ERROR] Failed to load resource: the server responded with a status of 404 (Not Found) @ http://localhost:3000/api/v1/dashboard/analytics/charts?period=7d:0
[     754ms] [ERROR] Failed to load resource: the server responded with a status of 404 (Not Found) @ http://localhost:3000/api/v1/dashboard/analytics/funnel?period=7d:0
[     756ms] [ERROR] Failed to load resource: the server responded with a status of 404 (Not Found) @ http://localhost:3000/api/v1/dashboard/analytics/payment-methods?period=7d:0
[     784ms] [ERROR] Failed to load resource: the server responded with a status of 404 (Not Found) @ http://localhost:3000/api/v1/dashboard/analytics/failure-reasons?period=7d:0
[    1400ms] [ERROR] Failed to load resource: the server responded with a status of 405 (Method Not Allowed) @ http://localhost:3000/api/v1/dashboard/notifications/unread-count:0
[    1455ms] [ERROR] Failed to load resource: the server responded with a status of 404 (Not Found) @ http://localhost:3000/api/v1/dashboard/analytics/overview?period=7d:0
[    1455ms] [ERROR] Failed to load resource: the server responded with a status of 404 (Not Found) @ http://localhost:3000/api/v1/dashboard/organizations?per_page=100:0
[    1483ms] [ERROR] Failed to load resource: the server responded with a status of 404 (Not Found) @ http://localhost:3000/api/v1/dashboard/analytics/charts?period=7d:0
[    1514ms] [ERROR] Failed to load resource: the server responded with a status of 404 (Not Found) @ http://localhost:3000/api/v1/dashboard/analytics/funnel?period=7d:0
[    1514ms] [ERROR] Failed to load resource: the server responded with a status of 404 (Not Found) @ http://localhost:3000/api/v1/dashboard/analytics/payment-methods?period=7d:0
[    1529ms] [ERROR] Failed to load resource: the server responded with a status of 404 (Not Found) @ http://localhost:3000/api/v1/dashboard/analytics/failure-reasons?period=7d:0
[    2582ms] [ERROR] Failed to load resource: the server responded with a status of 404 (Not Found) @ http://localhost:3000/api/v1/dashboard/analytics/overview?period=7d:0
[    2712ms] [ERROR] Failed to load resource: the server responded with a status of 404 (Not Found) @ http://localhost:3000/api/v1/dashboard/organizations?per_page=100:0
[    2712ms] [ERROR] Failed to load resource: the server responded with a status of 404 (Not Found) @ http://localhost:3000/api/v1/dashboard/analytics/funnel?period=7d:0
[    2713ms] [ERROR] Failed to load resource: the server responded with a status of 404 (Not Found) @ http://localhost:3000/api/v1/dashboard/analytics/charts?period=7d:0
[    2765ms] [ERROR] Failed to load resource: the server responded with a status of 404 (Not Found) @ http://localhost:3000/api/v1/dashboard/analytics/payment-methods?period=7d:0
[    2765ms] [ERROR] Failed to load resource: the server responded with a status of 404 (Not Found) @ http://localhost:3000/api/v1/dashboard/analytics/failure-reasons?period=7d:0
[    2966ms] [ERROR] Failed to load resource: the server responded with a status of 429 (Too Many Requests) @ http://localhost:3000/api/v1/dashboard/analytics/overview?period=7d:0
[    3080ms] [ERROR] Failed to load resource: the server responded with a status of 429 (Too Many Requests) @ http://localhost:3000/api/v1/dashboard/organizations?per_page=100:0
[    3125ms] [ERROR] Failed to load resource: the server responded with a status of 429 (Too Many Requests) @ http://localhost:3000/api/v1/dashboard/analytics/charts?period=7d:0
[    3129ms] [ERROR] Failed to load resource: the server responded with a status of 429 (Too Many Requests) @ http://localhost:3000/api/v1/dashboard/analytics/payment-methods?period=7d:0
[    3143ms] [ERROR] Failed to load resource: the server responded with a status of 429 (Too Many Requests) @ http://localhost:3000/api/v1/dashboard/analytics/funnel?period=7d:0
[    3171ms] [ERROR] Failed to load resource: the server responded with a status of 429 (Too Many Requests) @ http://localhost:3000/api/v1/dashboard/analytics/failure-reasons?period=7d:0
[   31476ms] [ERROR] Failed to load resource: the server responded with a status of 405 (Method Not Allowed) @ http://localhost:3000/api/v1/dashboard/notifications/unread-count:0
[   32532ms] [ERROR] Failed to load resource: the server responded with a status of 405 (Method Not Allowed) @ http://localhost:3000/api/v1/dashboard/notifications/unread-count:0
[   36788ms] [ERROR] Failed to load resource: the server responded with a status of 404 (Not Found) @ http://localhost:3000/api/v1/user:0
[   46277ms] [ERROR] Failed to load resource: the server responded with a status of 405 (Method Not Allowed) @ http://localhost:3000/api/v1/dashboard/notifications/unread-count:0
[   46296ms] [ERROR] Failed to load resource: the server responded with a status of 429 (Too Many Requests) @ http://localhost:3000/api/v1/dashboard/analytics/overview?period=7d:0
[   46296ms] [ERROR] Failed to load resource: the server responded with a status of 429 (Too Many Requests) @ http://localhost:3000/api/v1/dashboard/organizations?per_page=100:0
[   46325ms] [ERROR] Failed to load resource: the server responded with a status of 429 (Too Many Requests) @ http://localhost:3000/api/v1/dashboard/analytics/funnel?period=7d:0
[   46339ms] [ERROR] Failed to load resource: the server responded with a status of 429 (Too Many Requests) @ http://localhost:3000/api/v1/dashboard/analytics/charts?period=7d:0
[   46340ms] [ERROR] Failed to load resource: the server responded with a status of 429 (Too Many Requests) @ http://localhost:3000/api/v1/dashboard/analytics/payment-methods?period=7d:0
[   46371ms] [ERROR] Failed to load resource: the server responded with a status of 429 (Too Many Requests) @ http://localhost:3000/api/v1/dashboard/analytics/failure-reasons?period=7d:0
[   47325ms] [ERROR] Failed to load resource: the server responded with a status of 405 (Method Not Allowed) @ http://localhost:3000/api/v1/dashboard/notifications/unread-count:0
[   55386ms] [ERROR] Failed to load resource: the server responded with a status of 404 (Not Found) @ http://localhost:3000/api/v1/dashboard/organizations?per_page=100:0
[   55386ms] [ERROR] Failed to load resource: the server responded with a status of 404 (Not Found) @ http://localhost:3000/api/v1/dashboard/analytics/funnel?period=7d:0
[   55387ms] [ERROR] Failed to load resource: the server responded with a status of 404 (Not Found) @ http://localhost:3000/api/v1/dashboard/analytics/overview?period=7d:0
[   55432ms] [ERROR] Failed to load resource: the server responded with a status of 404 (Not Found) @ http://localhost:3000/api/v1/dashboard/analytics/charts?period=7d:0
[   55432ms] [ERROR] Failed to load resource: the server responded with a status of 404 (Not Found) @ http://localhost:3000/api/v1/dashboard/analytics/failure-reasons?period=7d:0
[   55433ms] [ERROR] Failed to load resource: the server responded with a status of 404 (Not Found) @ http://localhost:3000/api/v1/dashboard/analytics/payment-methods?period=7d:0
[   56059ms] [ERROR] Failed to load resource: the server responded with a status of 404 (Not Found) @ http://localhost:3000/api/v1/dashboard/analytics/funnel?period=7d:0
[   56059ms] [ERROR] Failed to load resource: the server responded with a status of 404 (Not Found) @ http://localhost:3000/api/v1/dashboard/organizations?per_page=100:0
[   56061ms] [ERROR] Failed to load resource: the server responded with a status of 404 (Not Found) @ http://localhost:3000/api/v1/dashboard/analytics/overview?period=7d:0
[   56095ms] [ERROR] Failed to load resource: the server responded with a status of 404 (Not Found) @ http://localhost:3000/api/v1/dashboard/analytics/charts?period=7d:0
[   56107ms] [ERROR] Failed to load resource: the server responded with a status of 404 (Not Found) @ http://localhost:3000/api/v1/dashboard/analytics/payment-methods?period=7d:0
[   56107ms] [ERROR] Failed to load resource: the server responded with a status of 404 (Not Found) @ http://localhost:3000/api/v1/dashboard/analytics/failure-reasons?period=7d:0
[   57121ms] [ERROR] Failed to load resource: the server responded with a status of 404 (Not Found) @ http://localhost:3000/api/v1/dashboard/organizations?per_page=100:0
[   57122ms] [ERROR] Failed to load resource: the server responded with a status of 404 (Not Found) @ http://localhost:3000/api/v1/dashboard/analytics/funnel?period=7d:0
[   57123ms] [ERROR] Failed to load resource: the server responded with a status of 404 (Not Found) @ http://localhost:3000/api/v1/dashboard/analytics/overview?period=7d:0
[   57168ms] [ERROR] Failed to load resource: the server responded with a status of 404 (Not Found) @ http://localhost:3000/api/v1/dashboard/analytics/payment-methods?period=7d:0
[   57168ms] [ERROR] Failed to load resource: the server responded with a status of 404 (Not Found) @ http://localhost:3000/api/v1/dashboard/analytics/charts?period=7d:0
[   57168ms] [ERROR] Failed to load resource: the server responded with a status of 404 (Not Found) @ http://localhost:3000/api/v1/dashboard/analytics/failure-reasons?period=7d:0
[   57499ms] [ERROR] Failed to load resource: the server responded with a status of 404 (Not Found) @ http://localhost:3000/api/v1/dashboard/analytics/overview?period=7d:0
[   57499ms] [ERROR] Failed to load resource: the server responded with a status of 404 (Not Found) @ http://localhost:3000/api/v1/dashboard/organizations?per_page=100:0
[   57500ms] [ERROR] Failed to load resource: the server responded with a status of 404 (Not Found) @ http://localhost:3000/api/v1/dashboard/analytics/funnel?period=7d:0
[   57549ms] [ERROR] Failed to load resource: the server responded with a status of 404 (Not Found) @ http://localhost:3000/api/v1/dashboard/analytics/failure-reasons?period=7d:0
[   57550ms] [ERROR] Failed to load resource: the server responded with a status of 404 (Not Found) @ http://localhost:3000/api/v1/dashboard/analytics/charts?period=7d:0
[   57552ms] [ERROR] Failed to load resource: the server responded with a status of 404 (Not Found) @ http://localhost:3000/api/v1/dashboard/analytics/payment-methods?period=7d:0
[   58172ms] [ERROR] Failed to load resource: the server responded with a status of 404 (Not Found) @ http://localhost:3000/api/v1/dashboard/analytics/overview?period=7d:0
[   58173ms] [ERROR] Failed to load resource: the server responded with a status of 404 (Not Found) @ http://localhost:3000/api/v1/dashboard/analytics/funnel?period=7d:0
[   58179ms] [ERROR] Failed to load resource: the server responded with a status of 404 (Not Found) @ http://localhost:3000/api/v1/dashboard/organizations?per_page=100:0
[   58271ms] [ERROR] Failed to load resource: the server responded with a status of 404 (Not Found) @ http://localhost:3000/api/v1/dashboard/analytics/payment-methods?period=7d:0
[   58271ms] [ERROR] Failed to load resource: the server responded with a status of 404 (Not Found) @ http://localhost:3000/api/v1/dashboard/analytics/charts?period=7d:0
[   58277ms] [ERROR] Failed to load resource: the server responded with a status of 404 (Not Found) @ http://localhost:3000/api/v1/dashboard/analytics/failure-reasons?period=7d:0
[   69914ms] [ERROR] Failed to load resource: the server responded with a status of 404 (Not Found) @ http://localhost:3000/api/v1/dashboard/analytics/payment-methods?period=7d:0
[   69915ms] [ERROR] Failed to load resource: the server responded with a status of 404 (Not Found) @ http://localhost:3000/api/v1/dashboard/analytics/overview?period=7d:0
[   69915ms] [ERROR] Failed to load resource: the server responded with a status of 404 (Not Found) @ http://localhost:3000/api/v1/dashboard/analytics/charts?period=7d:0
[   69968ms] [ERROR] Failed to load resource: the server responded with a status of 404 (Not Found) @ http://localhost:3000/api/v1/dashboard/analytics/funnel?period=7d:0
[   69968ms] [ERROR] Failed to load resource: the server responded with a status of 404 (Not Found) @ http://localhost:3000/api/v1/dashboard/analytics/failure-reasons?period=7d:0
[   70286ms] [ERROR] Failed to load resource: the server responded with a status of 404 (Not Found) @ http://localhost:3000/api/v1/dashboard/analytics/overview?period=7d:0
[   70286ms] [ERROR] Failed to load resource: the server responded with a status of 404 (Not Found) @ http://localhost:3000/api/v1/dashboard/analytics/payment-methods?period=7d:0
[   70287ms] [ERROR] Failed to load resource: the server responded with a status of 404 (Not Found) @ http://localhost:3000/api/v1/dashboard/analytics/charts?period=7d:0
[   70329ms] [ERROR] Failed to load resource: the server responded with a status of 404 (Not Found) @ http://localhost:3000/api/v1/dashboard/analytics/failure-reasons?period=7d:0
[   70329ms] [ERROR] Failed to load resource: the server responded with a status of 404 (Not Found) @ http://localhost:3000/api/v1/dashboard/analytics/funnel?period=7d:0
[   70954ms] [ERROR] Failed to load resource: the server responded with a status of 404 (Not Found) @ http://localhost:3000/api/v1/dashboard/analytics/overview?period=7d:0
[   70954ms] [ERROR] Failed to load resource: the server responded with a status of 404 (Not Found) @ http://localhost:3000/api/v1/dashboard/analytics/payment-methods?period=7d:0
[   70955ms] [ERROR] Failed to load resource: the server responded with a status of 404 (Not Found) @ http://localhost:3000/api/v1/dashboard/analytics/charts?period=7d:0
[   70997ms] [ERROR] Failed to load resource: the server responded with a status of 404 (Not Found) @ http://localhost:3000/api/v1/dashboard/analytics/funnel?period=7d:0
[   70998ms] [ERROR] Failed to load resource: the server responded with a status of 404 (Not Found) @ http://localhost:3000/api/v1/dashboard/analytics/failure-reasons?period=7d:0
[   71739ms] [ERROR] Failed to load resource: the server responded with a status of 405 (Method Not Allowed) @ http://localhost:3000/api/v1/dashboard/notifications/unread-count:0
[   71766ms] [ERROR] Failed to load resource: the server responded with a status of 404 (Not Found) @ http://localhost:3000/api/v1/dashboard/organizations?per_page=100:0
[   71770ms] [ERROR] Failed to load resource: the server responded with a status of 404 (Not Found) @ http://localhost:3000/api/v1/dashboard/analytics/overview?period=7d:0
[   71787ms] [ERROR] Failed to load resource: the server responded with a status of 404 (Not Found) @ http://localhost:3000/api/v1/dashboard/analytics/charts?period=7d:0
[   71813ms] [ERROR] Failed to load resource: the server responded with a status of 404 (Not Found) @ http://localhost:3000/api/v1/dashboard/analytics/payment-methods?period=7d:0
[   71815ms] [ERROR] Failed to load resource: the server responded with a status of 404 (Not Found) @ http://localhost:3000/api/v1/dashboard/analytics/funnel?period=7d:0
[   71831ms] [ERROR] Failed to load resource: the server responded with a status of 404 (Not Found) @ http://localhost:3000/api/v1/dashboard/analytics/failure-reasons?period=7d:0
[   72133ms] [ERROR] Failed to load resource: the server responded with a status of 404 (Not Found) @ http://localhost:3000/api/v1/dashboard/organizations?per_page=100:0
[   72135ms] [ERROR] Failed to load resource: the server responded with a status of 404 (Not Found) @ http://localhost:3000/api/v1/dashboard/analytics/overview?period=7d:0
[   72143ms] [ERROR] Failed to load resource: the server responded with a status of 404 (Not Found) @ http://localhost:3000/api/v1/dashboard/analytics/charts?period=7d:0
[   72178ms] [ERROR] Failed to load resource: the server responded with a status of 404 (Not Found) @ http://localhost:3000/api/v1/dashboard/analytics/payment-methods?period=7d:0
[   72178ms] [ERROR] Failed to load resource: the server responded with a status of 404 (Not Found) @ http://localhost:3000/api/v1/dashboard/analytics/funnel?period=7d:0
[   72184ms] [ERROR] Failed to load resource: the server responded with a status of 404 (Not Found) @ http://localhost:3000/api/v1/dashboard/analytics/failure-reasons?period=7d:0
[   72788ms] [ERROR] Failed to load resource: the server responded with a status of 405 (Method Not Allowed) @ http://localhost:3000/api/v1/dashboard/notifications/unread-count:0
[   72805ms] [ERROR] Failed to load resource: the server responded with a status of 404 (Not Found) @ http://localhost:3000/api/v1/dashboard/organizations?per_page=100:0
[   72805ms] [ERROR] Failed to load resource: the server responded with a status of 404 (Not Found) @ http://localhost:3000/api/v1/dashboard/analytics/overview?period=7d:0
[   72834ms] [ERROR] Failed to load resource: the server responded with a status of 404 (Not Found) @ http://localhost:3000/api/v1/dashboard/analytics/charts?period=7d:0
[   72852ms] [ERROR] Failed to load resource: the server responded with a status of 404 (Not Found) @ http://localhost:3000/api/v1/dashboard/analytics/payment-methods?period=7d:0
[   72852ms] [ERROR] Failed to load resource: the server responded with a status of 404 (Not Found) @ http://localhost:3000/api/v1/dashboard/analytics/funnel?period=7d:0
[   72882ms] [ERROR] Failed to load resource: the server responded with a status of 429 (Too Many Requests) @ http://localhost:3000/api/v1/dashboard/analytics/failure-reasons?period=7d:0
[   73874ms] [ERROR] Failed to load resource: the server responded with a status of 429 (Too Many Requests) @ http://localhost:3000/api/v1/dashboard/analytics/overview?period=7d:0
[   73875ms] [ERROR] Failed to load resource: the server responded with a status of 429 (Too Many Requests) @ http://localhost:3000/api/v1/dashboard/organizations?per_page=100:0
[   73885ms] [ERROR] Failed to load resource: the server responded with a status of 429 (Too Many Requests) @ http://localhost:3000/api/v1/dashboard/analytics/charts?period=7d:0
[   73920ms] [ERROR] Failed to load resource: the server responded with a status of 429 (Too Many Requests) @ http://localhost:3000/api/v1/dashboard/analytics/funnel?period=7d:0
[   73921ms] [ERROR] Failed to load resource: the server responded with a status of 429 (Too Many Requests) @ http://localhost:3000/api/v1/dashboard/analytics/payment-methods?period=7d:0
[   73933ms] [ERROR] Failed to load resource: the server responded with a status of 429 (Too Many Requests) @ http://localhost:3000/api/v1/dashboard/analytics/failure-reasons?period=7d:0
[   83911ms] [ERROR] Failed to load resource: the server responded with a status of 405 (Method Not Allowed) @ http://localhost:3000/api/v1/dashboard/notifications/unread-count:0
[   83933ms] [ERROR] Failed to load resource: the server responded with a status of 429 (Too Many Requests) @ http://localhost:3000/api/v1/dashboard/organizations?per_page=100:0
[   83933ms] [ERROR] Failed to load resource: the server responded with a status of 429 (Too Many Requests) @ http://localhost:3000/api/v1/dashboard/analytics/charts?period=7d:0
[   83963ms] [ERROR] Failed to load resource: the server responded with a status of 429 (Too Many Requests) @ http://localhost:3000/api/v1/dashboard/analytics/overview?period=7d:0
[   83981ms] [ERROR] Failed to load resource: the server responded with a status of 429 (Too Many Requests) @ http://localhost:3000/api/v1/dashboard/analytics/payment-methods?period=7d:0
[   83981ms] [ERROR] Failed to load resource: the server responded with a status of 429 (Too Many Requests) @ http://localhost:3000/api/v1/dashboard/analytics/funnel?period=7d:0
[   84021ms] [ERROR] Failed to load resource: the server responded with a status of 429 (Too Many Requests) @ http://localhost:3000/api/v1/dashboard/analytics/failure-reasons?period=7d:0
[   84965ms] [ERROR] Failed to load resource: the server responded with a status of 405 (Method Not Allowed) @ http://localhost:3000/api/v1/dashboard/notifications/unread-count:0
