[     888ms] [ERROR] Failed to load resource: the server responded with a status of 401 (Unauthorized) @ http://localhost:3000/api/v1/user:0
[   27179ms] [ERROR] Failed to load resource: the server responded with a status of 405 (Method Not Allowed) @ http://localhost:3000/api/v1/dashboard/notifications/unread-count:0
[   27204ms] [ERROR] Failed to load resource: the server responded with a status of 404 (Not Found) @ http://localhost:3000/api/v1/dashboard/analytics/overview?period=7d:0
[   27204ms] [ERROR] Failed to load resource: the server responded with a status of 404 (Not Found) @ http://localhost:3000/api/v1/dashboard/organizations?per_page=100:0
[   27226ms] [ERROR] Failed to load resource: the server responded with a status of 404 (Not Found) @ http://localhost:3000/api/v1/dashboard/analytics/charts?period=7d:0
[   27250ms] [ERROR] Failed to load resource: the server responded with a status of 404 (Not Found) @ http://localhost:3000/api/v1/dashboard/analytics/payment-methods?period=7d:0
[   27251ms] [ERROR] Failed to load resource: the server responded with a status of 404 (Not Found) @ http://localhost:3000/api/v1/dashboard/analytics/funnel?period=7d:0
[   27274ms] [ERROR] Failed to load resource: the server responded with a status of 404 (Not Found) @ http://localhost:3000/api/v1/dashboard/analytics/failure-reasons?period=7d:0
[   27571ms] [ERROR] Failed to load resource: the server responded with a status of 404 (Not Found) @ http://localhost:3000/api/v1/dashboard/analytics/overview?period=7d:0
[   27571ms] [ERROR] Failed to load resource: the server responded with a status of 404 (Not Found) @ http://localhost:3000/api/v1/dashboard/organizations?per_page=100:0
[   27582ms] [ERROR] Failed to load resource: the server responded with a status of 404 (Not Found) @ http://localhost:3000/api/v1/dashboard/analytics/charts?period=7d:0
[   27620ms] [ERROR] Failed to load resource: the server responded with a status of 404 (Not Found) @ http://localhost:3000/api/v1/dashboard/analytics/payment-methods?period=7d:0
[   27620ms] [ERROR] Failed to load resource: the server responded with a status of 404 (Not Found) @ http://localhost:3000/api/v1/dashboard/analytics/funnel?period=7d:0
[   27629ms] [ERROR] Failed to load resource: the server responded with a status of 404 (Not Found) @ http://localhost:3000/api/v1/dashboard/analytics/failure-reasons?period=7d:0
[   28224ms] [ERROR] Failed to load resource: the server responded with a status of 405 (Method Not Allowed) @ http://localhost:3000/api/v1/dashboard/notifications/unread-count:0
[   28246ms] [ERROR] Failed to load resource: the server responded with a status of 404 (Not Found) @ http://localhost:3000/api/v1/dashboard/organizations?per_page=100:0
[   28248ms] [ERROR] Failed to load resource: the server responded with a status of 404 (Not Found) @ http://localhost:3000/api/v1/dashboard/analytics/overview?period=7d:0
[   28313ms] [ERROR] Failed to load resource: the server responded with a status of 404 (Not Found) @ http://localhost:3000/api/v1/dashboard/analytics/charts?period=7d:0
[   28334ms] [ERROR] Failed to load resource: the server responded with a status of 404 (Not Found) @ http://localhost:3000/api/v1/dashboard/analytics/funnel?period=7d:0
[   28335ms] [ERROR] Failed to load resource: the server responded with a status of 404 (Not Found) @ http://localhost:3000/api/v1/dashboard/analytics/payment-methods?period=7d:0
[   28372ms] [ERROR] Failed to load resource: the server responded with a status of 404 (Not Found) @ http://localhost:3000/api/v1/dashboard/analytics/failure-reasons?period=7d:0
[   29324ms] [ERROR] Failed to load resource: the server responded with a status of 404 (Not Found) @ http://localhost:3000/api/v1/dashboard/analytics/overview?period=7d:0
[   29324ms] [ERROR] Failed to load resource: the server responded with a status of 404 (Not Found) @ http://localhost:3000/api/v1/dashboard/organizations?per_page=100:0
[   29366ms] [ERROR] Failed to load resource: the server responded with a status of 404 (Not Found) @ http://localhost:3000/api/v1/dashboard/analytics/charts?period=7d:0
[   29386ms] [ERROR] Failed to load resource: the server responded with a status of 404 (Not Found) @ http://localhost:3000/api/v1/dashboard/analytics/payment-methods?period=7d:0
[   29386ms] [ERROR] Failed to load resource: the server responded with a status of 404 (Not Found) @ http://localhost:3000/api/v1/dashboard/analytics/funnel?period=7d:0
[   29419ms] [ERROR] Failed to load resource: the server responded with a status of 404 (Not Found) @ http://localhost:3000/api/v1/dashboard/analytics/failure-reasons?period=7d:0
[   29697ms] [ERROR] Failed to load resource: the server responded with a status of 404 (Not Found) @ http://localhost:3000/api/v1/dashboard/organizations?per_page=100:0
[   29697ms] [ERROR] Failed to load resource: the server responded with a status of 404 (Not Found) @ http://localhost:3000/api/v1/dashboard/analytics/overview?period=7d:0
[   29718ms] [ERROR] Failed to load resource: the server responded with a status of 404 (Not Found) @ http://localhost:3000/api/v1/dashboard/analytics/charts?period=7d:0
[   29742ms] [ERROR] Failed to load resource: the server responded with a status of 404 (Not Found) @ http://localhost:3000/api/v1/dashboard/analytics/funnel?period=7d:0
[   29750ms] [ERROR] Failed to load resource: the server responded with a status of 404 (Not Found) @ http://localhost:3000/api/v1/dashboard/analytics/payment-methods?period=7d:0
[   29765ms] [ERROR] Failed to load resource: the server responded with a status of 404 (Not Found) @ http://localhost:3000/api/v1/dashboard/analytics/failure-reasons?period=7d:0
[   30369ms] [ERROR] Failed to load resource: the server responded with a status of 404 (Not Found) @ http://localhost:3000/api/v1/dashboard/analytics/overview?period=7d:0
[   30369ms] [ERROR] Failed to load resource: the server responded with a status of 404 (Not Found) @ http://localhost:3000/api/v1/dashboard/organizations?per_page=100:0
[   30385ms] [ERROR] Failed to load resource: the server responded with a status of 404 (Not Found) @ http://localhost:3000/api/v1/dashboard/analytics/charts?period=7d:0
[   30399ms] [ERROR] Failed to load resource: the server responded with a status of 404 (Not Found) @ http://localhost:3000/api/v1/dashboard/analytics/funnel?period=7d:0
[   30419ms] [ERROR] Failed to load resource: the server responded with a status of 404 (Not Found) @ http://localhost:3000/api/v1/dashboard/analytics/failure-reasons?period=7d:0
[   30420ms] [ERROR] Failed to load resource: the server responded with a status of 404 (Not Found) @ http://localhost:3000/api/v1/dashboard/analytics/payment-methods?period=7d:0
[   58311ms] [ERROR] Failed to load resource: the server responded with a status of 405 (Method Not Allowed) @ http://localhost:3000/api/v1/dashboard/notifications/unread-count:0
[   59371ms] [ERROR] Failed to load resource: the server responded with a status of 405 (Method Not Allowed) @ http://localhost:3000/api/v1/dashboard/notifications/unread-count:0
[   89432ms] [ERROR] Failed to load resource: the server responded with a status of 405 (Method Not Allowed) @ http://localhost:3000/api/v1/dashboard/notifications/unread-count:0
[   90481ms] [ERROR] Failed to load resource: the server responded with a status of 405 (Method Not Allowed) @ http://localhost:3000/api/v1/dashboard/notifications/unread-count:0
